// Jest Snapshot v1, https://goo.gl/fbAQLP

exports[`<Main /> page component Should render correctly 1`] = `
<Main
  cars={
    Array [
      Object {
        "description": "description_0",
        "image": "image_0.png",
        "isFavourite": false,
        "link": "?cars/0/",
        "stockNumber": 0,
        "title": "title 0",
      },
      Object {
        "description": "description_1",
        "image": "image_1.png",
        "isFavourite": false,
        "link": "?cars/1/",
        "stockNumber": 1,
        "title": "title 1",
      },
      Object {
        "description": "description_2",
        "image": "image_2.png",
        "isFavourite": true,
        "link": "?cars/2/",
        "stockNumber": 2,
        "title": "title 2",
      },
      Object {
        "description": "description_3",
        "image": "image_3.png",
        "isFavourite": false,
        "link": "?cars/3/",
        "stockNumber": 3,
        "title": "title 3",
      },
      Object {
        "description": "description_4",
        "image": "image_4.png",
        "isFavourite": false,
        "link": "?cars/4/",
        "stockNumber": 4,
        "title": "title 4",
      },
      Object {
        "description": "description_5",
        "image": "image_5.png",
        "isFavourite": false,
        "link": "?cars/5/",
        "stockNumber": 5,
        "title": "title 5",
      },
      Object {
        "description": "description_6",
        "image": "image_6.png",
        "isFavourite": true,
        "link": "?cars/6/",
        "stockNumber": 6,
        "title": "title 6",
      },
      Object {
        "description": "description_7",
        "image": "image_7.png",
        "isFavourite": false,
        "link": "?cars/7/",
        "stockNumber": 7,
        "title": "title 7",
      },
      Object {
        "description": "description_8",
        "image": "image_8.png",
        "isFavourite": false,
        "link": "?cars/8/",
        "stockNumber": 8,
        "title": "title 8",
      },
      Object {
        "description": "description_9",
        "image": "image_9.png",
        "isFavourite": false,
        "link": "?cars/9/",
        "stockNumber": 9,
        "title": "title 9",
      },
    ]
  }
  colors={
    Array [
      Object {
        "title": "black",
        "value": "black",
      },
      Object {
        "title": "white",
        "value": "white",
      },
    ]
  }
  filters={
    Object {
      "color": "",
      "manufacturers": "",
      "sortings": "",
    }
  }
  init={
    [MockFunction] {
      "calls": Array [
        Array [
          Object {
            "color": undefined,
            "manufacturer": undefined,
            "page": 1,
            "sort": undefined,
          },
        ],
      ],
      "results": Array [
        Object {
          "type": "return",
          "value": undefined,
        },
      ],
    }
  }
  manufacturers={
    Array [
      Object {
        "title": "value 1",
        "value": "value 1",
      },
      Object {
        "title": "value 2",
        "value": "value 2",
      },
      Object {
        "title": "value 3",
        "value": "value 3",
      },
    ]
  }
  navigate={[MockFunction]}
  navigation={
    Object {
      "page": 10,
      "shownItems": 10,
      "totalItems": 1000,
      "totalPages": 100,
    }
  }
  removeFavourite={[MockFunction]}
  search=""
  sortings={
    Array [
      Object {
        "title": "asc",
        "value": "des",
      },
    ]
  }
  update={[MockFunction]}
>
  <div
    className="root"
  >
    <aside
      className="aside"
    >
      <FiltersForm
        color=""
        colors={
          Array [
            Object {
              "title": "black",
              "value": "black",
            },
            Object {
              "title": "white",
              "value": "white",
            },
          ]
        }
        manufacturers={
          Array [
            Object {
              "title": "value 1",
              "value": "value 1",
            },
            Object {
              "title": "value 2",
              "value": "value 2",
            },
            Object {
              "title": "value 3",
              "value": "value 3",
            },
          ]
        }
        onSubmit={[Function]}
      >
        <form
          className="root"
          onSubmit={[Function]}
        >
          <Select
            className="select"
            label="Color"
            onChange={[Function]}
            options={
              Array [
                Object {
                  "title": "black",
                  "value": "black",
                },
                Object {
                  "title": "white",
                  "value": "white",
                },
              ]
            }
            placeholder="All car colors"
            value=""
          >
            <div
              className="select root"
              onBlur={[Function]}
              tabIndex="0"
            >
              <div
                className="label"
              >
                Color
              </div>
              <div
                className="selected"
                onClick={[Function]}
              >
                All car colors
              </div>
            </div>
          </Select>
          <Select
            className="select"
            label="Manufacturer"
            onChange={[Function]}
            options={
              Array [
                Object {
                  "title": "value 1",
                  "value": "value 1",
                },
                Object {
                  "title": "value 2",
                  "value": "value 2",
                },
                Object {
                  "title": "value 3",
                  "value": "value 3",
                },
              ]
            }
            placeholder="All manufacturers"
            value={null}
          >
            <div
              className="select root"
              onBlur={[Function]}
              tabIndex="0"
            >
              <div
                className="label"
              >
                Manufacturer
              </div>
              <div
                className="selected"
                onClick={[Function]}
              >
                All manufacturers
              </div>
            </div>
          </Select>
          <Memo(Button)
            type="submit"
          >
            <button
              className="root"
              type="submit"
            >
              Filter
            </button>
          </Memo(Button)>
        </form>
      </FiltersForm>
    </aside>
    <div
      className="content"
    >
      <div
        className="searchHeader"
      >
        <div
          className="searchInfo"
        >
          <h2>
            Available cars
          </h2>
          <div
            className="searchResult"
          >
            Showing 10 of 1000 results
          </div>
        </div>
        <div
          className="sort"
        >
          <Select
            label="Sort by"
            onChange={[Function]}
            options={
              Array [
                Object {
                  "title": "asc",
                  "value": "des",
                },
              ]
            }
            placeholder="None"
            value={null}
          >
            <div
              className="root"
              onBlur={[Function]}
              tabIndex="0"
            >
              <div
                className="label"
              >
                Sort by
              </div>
              <div
                className="selected"
                onClick={[Function]}
              >
                None
              </div>
            </div>
          </Select>
        </div>
      </div>
      <ul
        className="items"
      >
        <Memo(Card)
          description="description_0"
          elemType="li"
          footer={
            <React.Fragment>
              <Link
                href="?cars/0/"
              >
                View details
              </Link>
            </React.Fragment>
          }
          image="image_0.png"
          key="0"
          title="title 0"
        >
          <li
            className="root"
          >
            <div
              className="image"
              style={
                Object {
                  "backgroundImage": "url(image_0.png)",
                }
              }
            />
            <div
              className="content"
            >
              <h3
                className="title"
              >
                title 0
              </h3>
              <p
                className="description"
              >
                description_0
              </p>
              <div
                className="footer"
              >
                <Link
                  href="?cars/0/"
                >
                  <a
                    className="root"
                    href="?cars/0/"
                  >
                    View details
                  </a>
                </Link>
              </div>
            </div>
          </li>
        </Memo(Card)>
        <Memo(Card)
          description="description_1"
          elemType="li"
          footer={
            <React.Fragment>
              <Link
                href="?cars/1/"
              >
                View details
              </Link>
            </React.Fragment>
          }
          image="image_1.png"
          key="1"
          title="title 1"
        >
          <li
            className="root"
          >
            <div
              className="image"
              style={
                Object {
                  "backgroundImage": "url(image_1.png)",
                }
              }
            />
            <div
              className="content"
            >
              <h3
                className="title"
              >
                title 1
              </h3>
              <p
                className="description"
              >
                description_1
              </p>
              <div
                className="footer"
              >
                <Link
                  href="?cars/1/"
                >
                  <a
                    className="root"
                    href="?cars/1/"
                  >
                    View details
                  </a>
                </Link>
              </div>
            </div>
          </li>
        </Memo(Card)>
        <Memo(Card)
          description="description_2"
          elemType="li"
          footer={
            <React.Fragment>
              <Link
                href="?cars/2/"
              >
                View details
              </Link>
              <React.Fragment>
                <span
                  className="separator"
                />
                <Link
                  href="#"
                  onClick={[Function]}
                >
                  Remove from favourites
                </Link>
              </React.Fragment>
            </React.Fragment>
          }
          image="image_2.png"
          key="2"
          title="title 2"
        >
          <li
            className="root"
          >
            <div
              className="image"
              style={
                Object {
                  "backgroundImage": "url(image_2.png)",
                }
              }
            />
            <div
              className="content"
            >
              <h3
                className="title"
              >
                title 2
              </h3>
              <p
                className="description"
              >
                description_2
              </p>
              <div
                className="footer"
              >
                <Link
                  href="?cars/2/"
                >
                  <a
                    className="root"
                    href="?cars/2/"
                  >
                    View details
                  </a>
                </Link>
                <span
                  className="separator"
                />
                <Link
                  href="#"
                  onClick={[Function]}
                >
                  <a
                    className="root"
                    href="#"
                    onClick={[Function]}
                  >
                    Remove from favourites
                  </a>
                </Link>
              </div>
            </div>
          </li>
        </Memo(Card)>
        <Memo(Card)
          description="description_3"
          elemType="li"
          footer={
            <React.Fragment>
              <Link
                href="?cars/3/"
              >
                View details
              </Link>
            </React.Fragment>
          }
          image="image_3.png"
          key="3"
          title="title 3"
        >
          <li
            className="root"
          >
            <div
              className="image"
              style={
                Object {
                  "backgroundImage": "url(image_3.png)",
                }
              }
            />
            <div
              className="content"
            >
              <h3
                className="title"
              >
                title 3
              </h3>
              <p
                className="description"
              >
                description_3
              </p>
              <div
                className="footer"
              >
                <Link
                  href="?cars/3/"
                >
                  <a
                    className="root"
                    href="?cars/3/"
                  >
                    View details
                  </a>
                </Link>
              </div>
            </div>
          </li>
        </Memo(Card)>
        <Memo(Card)
          description="description_4"
          elemType="li"
          footer={
            <React.Fragment>
              <Link
                href="?cars/4/"
              >
                View details
              </Link>
            </React.Fragment>
          }
          image="image_4.png"
          key="4"
          title="title 4"
        >
          <li
            className="root"
          >
            <div
              className="image"
              style={
                Object {
                  "backgroundImage": "url(image_4.png)",
                }
              }
            />
            <div
              className="content"
            >
              <h3
                className="title"
              >
                title 4
              </h3>
              <p
                className="description"
              >
                description_4
              </p>
              <div
                className="footer"
              >
                <Link
                  href="?cars/4/"
                >
                  <a
                    className="root"
                    href="?cars/4/"
                  >
                    View details
                  </a>
                </Link>
              </div>
            </div>
          </li>
        </Memo(Card)>
        <Memo(Card)
          description="description_5"
          elemType="li"
          footer={
            <React.Fragment>
              <Link
                href="?cars/5/"
              >
                View details
              </Link>
            </React.Fragment>
          }
          image="image_5.png"
          key="5"
          title="title 5"
        >
          <li
            className="root"
          >
            <div
              className="image"
              style={
                Object {
                  "backgroundImage": "url(image_5.png)",
                }
              }
            />
            <div
              className="content"
            >
              <h3
                className="title"
              >
                title 5
              </h3>
              <p
                className="description"
              >
                description_5
              </p>
              <div
                className="footer"
              >
                <Link
                  href="?cars/5/"
                >
                  <a
                    className="root"
                    href="?cars/5/"
                  >
                    View details
                  </a>
                </Link>
              </div>
            </div>
          </li>
        </Memo(Card)>
        <Memo(Card)
          description="description_6"
          elemType="li"
          footer={
            <React.Fragment>
              <Link
                href="?cars/6/"
              >
                View details
              </Link>
              <React.Fragment>
                <span
                  className="separator"
                />
                <Link
                  href="#"
                  onClick={[Function]}
                >
                  Remove from favourites
                </Link>
              </React.Fragment>
            </React.Fragment>
          }
          image="image_6.png"
          key="6"
          title="title 6"
        >
          <li
            className="root"
          >
            <div
              className="image"
              style={
                Object {
                  "backgroundImage": "url(image_6.png)",
                }
              }
            />
            <div
              className="content"
            >
              <h3
                className="title"
              >
                title 6
              </h3>
              <p
                className="description"
              >
                description_6
              </p>
              <div
                className="footer"
              >
                <Link
                  href="?cars/6/"
                >
                  <a
                    className="root"
                    href="?cars/6/"
                  >
                    View details
                  </a>
                </Link>
                <span
                  className="separator"
                />
                <Link
                  href="#"
                  onClick={[Function]}
                >
                  <a
                    className="root"
                    href="#"
                    onClick={[Function]}
                  >
                    Remove from favourites
                  </a>
                </Link>
              </div>
            </div>
          </li>
        </Memo(Card)>
        <Memo(Card)
          description="description_7"
          elemType="li"
          footer={
            <React.Fragment>
              <Link
                href="?cars/7/"
              >
                View details
              </Link>
            </React.Fragment>
          }
          image="image_7.png"
          key="7"
          title="title 7"
        >
          <li
            className="root"
          >
            <div
              className="image"
              style={
                Object {
                  "backgroundImage": "url(image_7.png)",
                }
              }
            />
            <div
              className="content"
            >
              <h3
                className="title"
              >
                title 7
              </h3>
              <p
                className="description"
              >
                description_7
              </p>
              <div
                className="footer"
              >
                <Link
                  href="?cars/7/"
                >
                  <a
                    className="root"
                    href="?cars/7/"
                  >
                    View details
                  </a>
                </Link>
              </div>
            </div>
          </li>
        </Memo(Card)>
        <Memo(Card)
          description="description_8"
          elemType="li"
          footer={
            <React.Fragment>
              <Link
                href="?cars/8/"
              >
                View details
              </Link>
            </React.Fragment>
          }
          image="image_8.png"
          key="8"
          title="title 8"
        >
          <li
            className="root"
          >
            <div
              className="image"
              style={
                Object {
                  "backgroundImage": "url(image_8.png)",
                }
              }
            />
            <div
              className="content"
            >
              <h3
                className="title"
              >
                title 8
              </h3>
              <p
                className="description"
              >
                description_8
              </p>
              <div
                className="footer"
              >
                <Link
                  href="?cars/8/"
                >
                  <a
                    className="root"
                    href="?cars/8/"
                  >
                    View details
                  </a>
                </Link>
              </div>
            </div>
          </li>
        </Memo(Card)>
        <Memo(Card)
          description="description_9"
          elemType="li"
          footer={
            <React.Fragment>
              <Link
                href="?cars/9/"
              >
                View details
              </Link>
            </React.Fragment>
          }
          image="image_9.png"
          key="9"
          title="title 9"
        >
          <li
            className="root"
          >
            <div
              className="image"
              style={
                Object {
                  "backgroundImage": "url(image_9.png)",
                }
              }
            />
            <div
              className="content"
            >
              <h3
                className="title"
              >
                title 9
              </h3>
              <p
                className="description"
              >
                description_9
              </p>
              <div
                className="footer"
              >
                <Link
                  href="?cars/9/"
                >
                  <a
                    className="root"
                    href="?cars/9/"
                  >
                    View details
                  </a>
                </Link>
              </div>
            </div>
          </li>
        </Memo(Card)>
      </ul>
      <Paginator
        active={10}
        total={100}
      >
        <div
          className="root"
        >
          <Link
            className="link"
            href="?page=1"
          >
            <a
              className="link root"
              href="?page=1"
            >
              First
            </a>
          </Link>
          <Link
            className="link"
            href="?page=9"
          >
            <a
              className="link root"
              href="?page=9"
            >
              Previous
            </a>
          </Link>
          <div
            className="content"
          >
            Page 10 of 100
          </div>
          <Link
            className="link"
            href="?page=11"
          >
            <a
              className="link root"
              href="?page=11"
            >
              Next
            </a>
          </Link>
          <Link
            className="link"
            href="?page=100"
          >
            <a
              className="link root"
              href="?page=100"
            >
              Last
            </a>
          </Link>
        </div>
      </Paginator>
    </div>
  </div>
</Main>
`;
